// Jest Snapshot v1, https://goo.gl/fbAQLP

exports[`scan 1`] = `
"export interface ServiceCollection {
    User: User;
    Foo: Foo;
}

type TUserInfo = CUserInfo & IUserInfo;

interface IUserInfo {
    name: string;
    age: Date;
    avatar: string;
}

class CUserInfo {
    
    name: string;
    age: Date;
    avatar: string;
}

/**
 * service doc
 */
interface User {
    /**
     * method doc
     */
    getInfoById1(id: string): Promise<CUserInfo>;
    getInfoById2(id: string): Promise<IUserInfo>;
    getInfoById3(id: string): Promise<TUserInfo>;
    getUnreadMsg(id: string): Promise<string[]>;
}

interface Foo {
    bar(): Promise<void>;
}
"
`;
